Tue Mar 24 15:35:17 AST 2015
top - 15:35:18 up 50 days,  1:05,  1 user,  load average: 4.24, 3.37, 3.18
Tasks: 232 total,   0 running, 232 sleeping,   0 stopped,   0 zombie
Cpu(s): 31.5%us,  2.4%sy,  0.0%ni, 63.8%id,  0.7%wa,  0.2%hi,  1.4%si,  0.0%st
Mem:  24692136k total, 20936492k used,  3755644k free,  1511772k buffers
Swap: 18415608k total,      156k used, 18415452k free,  6058920k cached

  PID USER      PR  NI  VIRT  RES  SHR S %CPU %MEM    TIME+  COMMAND
 6488 jboss     16   0 8162m 5.6g  28m S 49.4 24.0  82:37.26 java
 6557 jboss     16   0 8162m 5.6g  28m S 15.8 24.0  84:43.97 java
 6494 jboss     16   0 8162m 5.6g  28m S 13.8 24.0  79:45.18 java
 6473 jboss     15   0 8162m 5.6g  28m S  4.0 24.0  82:28.65 java
 6541 jboss     15   0 8162m 5.6g  28m S  4.0 24.0  81:36.48 java
 6471 jboss     15   0 8162m 5.6g  28m S  2.0 24.0   4:45.78 java
 6496 jboss     15   0 8162m 5.6g  28m S  2.0 24.0  88:19.31 java
 6503 jboss     15   0 8162m 5.6g  28m S  2.0 24.0  72:45.25 java
 6530 jboss     15   0 8162m 5.6g  28m S  2.0 24.0  88:19.21 java
 6555 jboss     15   0 8162m 5.6g  28m S  2.0 24.0  82:54.68 java
 6569 jboss     15   0 8162m 5.6g  28m S  2.0 24.0  81:41.37 java
 6574 jboss     15   0 8162m 5.6g  28m S  2.0 24.0  84:09.26 java
28914 jboss     15   0 8162m 5.6g  28m S  2.0 24.0   0:01.96 java
29372 jboss     15   0 8162m 5.6g  28m S  2.0 24.0   0:00.02 java
 6403 jboss     18   0 8162m 5.6g  28m S  0.0 24.0   0:00.00 java
 6404 jboss     17   0 8162m 5.6g  28m S  0.0 24.0   0:00.66 java
 6405 jboss     15   0 8162m 5.6g  28m S  0.0 24.0  22:02.26 java
 6406 jboss     16   0 8162m 5.6g  28m S  0.0 24.0  22:01.33 java
 6407 jboss     16   0 8162m 5.6g  28m S  0.0 24.0  21:57.86 java
 6408 jboss     16   0 8162m 5.6g  28m S  0.0 24.0  21:57.83 java
 6409 jboss     16   0 8162m 5.6g  28m S  0.0 24.0  21:58.92 java
 6410 jboss     16   0 8162m 5.6g  28m S  0.0 24.0  22:00.11 java
 6411 jboss     15   0 8162m 5.6g  28m S  0.0 24.0   0:02.82 java
 6412 jboss     16   0 8162m 5.6g  28m S  0.0 24.0   0:02.86 java
 6413 jboss     16   0 8162m 5.6g  28m S  0.0 24.0   0:15.86 java
 6414 jboss     15   0 8162m 5.6g  28m S  0.0 24.0  13:45.43 java
 6415 jboss     15   0 8162m 5.6g  28m S  0.0 24.0   0:09.31 java
 6416 jboss     15   0 8162m 5.6g  28m S  0.0 24.0   1:12.50 java
 6417 jboss     15   0 8162m 5.6g  28m S  0.0 24.0   0:00.00 java
 6418 jboss     18   0 8162m 5.6g  28m S  0.0 24.0   0:00.00 java
 6419 jboss     15   0 8162m 5.6g  28m S  0.0 24.0   0:33.42 java
 6420 jboss     15   0 8162m 5.6g  28m S  0.0 24.0   0:32.80 java
 6421 jboss     22   0 8162m 5.6g  28m S  0.0 24.0   0:00.00 java
 6422 jboss     15   0 8162m 5.6g  28m S  0.0 24.0   0:10.63 java
 6423 jboss     19   0 8162m 5.6g  28m S  0.0 24.0   0:00.00 java
 6424 jboss     15   0 8162m 5.6g  28m S  0.0 24.0   0:00.12 java
 6425 jboss     15   0 8162m 5.6g  28m S  0.0 24.0   0:07.55 java
 6426 jboss     15   0 8162m 5.6g  28m S  0.0 24.0   0:00.14 java
 6427 jboss     15   0 8162m 5.6g  28m S  0.0 24.0   0:05.28 java
 6428 jboss     15   0 8162m 5.6g  28m S  0.0 24.0   0:00.15 java
 6429 jboss     15   0 8162m 5.6g  28m S  0.0 24.0   0:00.13 java
 6430 jboss     15   0 8162m 5.6g  28m S  0.0 24.0   0:00.25 java
 6431 jboss     15   0 8162m 5.6g  28m S  0.0 24.0   0:00.30 java
 6432 jboss     15   0 8162m 5.6g  28m S  0.0 24.0   0:00.28 java
 6433 jboss     15   0 8162m 5.6g  28m S  0.0 24.0   0:00.19 java
 6434 jboss     15   0 8162m 5.6g  28m S  0.0 24.0   0:06.33 java
 6435 jboss     15   0 8162m 5.6g  28m S  0.0 24.0   0:00.12 java
 6436 jboss     15   0 8162m 5.6g  28m S  0.0 24.0   0:00.12 java
 6437 jboss     15   0 8162m 5.6g  28m S  0.0 24.0   0:00.50 java
 6439 jboss     17   0 8162m 5.6g  28m S  0.0 24.0   0:00.01 java
 6440 jboss     17   0 8162m 5.6g  28m S  0.0 24.0   0:00.00 java
 6441 jboss     15   0 8162m 5.6g  28m S  0.0 24.0   0:00.07 java
 6442 jboss     15   0 8162m 5.6g  28m S  0.0 24.0   0:00.00 java
 6445 jboss     17   0 8162m 5.6g  28m S  0.0 24.0   0:00.00 java
 6446 jboss     17   0 8162m 5.6g  28m S  0.0 24.0   0:00.00 java
 6447 jboss     15   0 8162m 5.6g  28m S  0.0 24.0   0:00.00 java
 6448 jboss     15   0 8162m 5.6g  28m S  0.0 24.0   0:00.00 java
 6449 jboss     18   0 8162m 5.6g  28m S  0.0 24.0   0:00.00 java
 6450 jboss     15   0 8162m 5.6g  28m S  0.0 24.0   0:20.14 java
 6451 jboss     15   0 8162m 5.6g  28m S  0.0 24.0   0:00.06 java
 6452 jboss     15   0 8162m 5.6g  28m S  0.0 24.0   2:52.25 java
 6453 jboss     15   0 8162m 5.6g  28m S  0.0 24.0   0:00.00 java
 6454 jboss     15   0 8162m 5.6g  28m S  0.0 24.0   0:00.09 java
 6455 jboss     15   0 8162m 5.6g  28m S  0.0 24.0   0:00.96 java
 6456 jboss     15   0 8162m 5.6g  28m S  0.0 24.0   0:00.77 java
 6457 jboss     15   0 8162m 5.6g  28m S  0.0 24.0   0:00.02 java
 6458 jboss     18   0 8162m 5.6g  28m S  0.0 24.0   0:00.00 java
 6459 jboss     17   0 8162m 5.6g  28m S  0.0 24.0   0:00.00 java
 6460 jboss     17   0 8162m 5.6g  28m S  0.0 24.0   0:00.00 java
 6461 jboss     15   0 8162m 5.6g  28m S  0.0 24.0   0:00.48 java
 6462 jboss     17   0 8162m 5.6g  28m S  0.0 24.0   0:00.00 java
 6463 jboss     17   0 8162m 5.6g  28m S  0.0 24.0   0:00.00 java
 6465 jboss     17   0 8162m 5.6g  28m S  0.0 24.0   0:00.00 java
 6466 jboss     17   0 8162m 5.6g  28m S  0.0 24.0   0:00.00 java
 6467 jboss     18   0 8162m 5.6g  28m S  0.0 24.0   0:00.00 java
 6468 jboss     17   0 8162m 5.6g  28m S  0.0 24.0   0:00.00 java
 6472 jboss     15   0 8162m 5.6g  28m S  0.0 24.0   0:59.98 java
 6475 jboss     16   0 8162m 5.6g  28m S  0.0 24.0  11:03.71 java
 6479 jboss     15   0 8162m 5.6g  28m S  0.0 24.0  82:35.38 java
 6480 jboss     15   0 8162m 5.6g  28m S  0.0 24.0  86:17.85 java
 6481 jboss     15   0 8162m 5.6g  28m S  0.0 24.0  81:34.98 java
 6482 jboss     15   0 8162m 5.6g  28m S  0.0 24.0  80:20.38 java
 6483 jboss     15   0 8162m 5.6g  28m S  0.0 24.0  78:36.19 java
 6484 jboss     15   0 8162m 5.6g  28m S  0.0 24.0  77:58.44 java
 6485 jboss     15   0 8162m 5.6g  28m S  0.0 24.0  81:15.80 java
 6486 jboss     15   0 8162m 5.6g  28m S  0.0 24.0  79:46.49 java
 6487 jboss     15   0 8162m 5.6g  28m S  0.0 24.0  83:41.17 java
 6489 jboss     15   0 8162m 5.6g  28m S  0.0 24.0  78:28.42 java
 6490 jboss     15   0 8162m 5.6g  28m S  0.0 24.0  75:15.56 java
 6491 jboss     15   0 8162m 5.6g  28m S  0.0 24.0  84:00.24 java
 6492 jboss     15   0 8162m 5.6g  28m S  0.0 24.0  79:19.62 java
 6493 jboss     15   0 8162m 5.6g  28m S  0.0 24.0  84:07.41 java
 6495 jboss     15   0 8162m 5.6g  28m S  0.0 24.0  82:30.05 java
 6497 jboss     15   0 8162m 5.6g  28m S  0.0 24.0  78:34.77 java
 6498 jboss     16   0 8162m 5.6g  28m S  0.0 24.0  85:04.38 java
 6499 jboss     15   0 8162m 5.6g  28m S  0.0 24.0  72:22.67 java
 6500 jboss     16   0 8162m 5.6g  28m S  0.0 24.0  71:54.56 java
 6501 jboss     15   0 8162m 5.6g  28m S  0.0 24.0  80:15.93 java
 6502 jboss     15   0 8162m 5.6g  28m S  0.0 24.0  84:02.33 java
 6504 jboss     15   0 8162m 5.6g  28m S  0.0 24.0  83:29.43 java
 6505 jboss     15   0 8162m 5.6g  28m S  0.0 24.0  77:56.09 java
 6506 jboss     16   0 8162m 5.6g  28m S  0.0 24.0  76:31.97 java
 6507 jboss     16   0 8162m 5.6g  28m S  0.0 24.0  80:41.36 java
 6508 jboss     16   0 8162m 5.6g  28m S  0.0 24.0  76:48.80 java
 6509 jboss     16   0 8162m 5.6g  28m S  0.0 24.0  81:53.95 java
 6510 jboss     15   0 8162m 5.6g  28m S  0.0 24.0  79:20.34 java
 6511 jboss     15   0 8162m 5.6g  28m S  0.0 24.0  91:43.83 java
 6512 jboss     16   0 8162m 5.6g  28m S  0.0 24.0  79:23.75 java
 6513 jboss     15   0 8162m 5.6g  28m S  0.0 24.0  83:21.45 java
 6514 jboss     16   0 8162m 5.6g  28m S  0.0 24.0  81:01.10 java
 6515 jboss     15   0 8162m 5.6g  28m S  0.0 24.0  80:51.06 java
 6516 jboss     15   0 8162m 5.6g  28m S  0.0 24.0  81:29.50 java
 6517 jboss     16   0 8162m 5.6g  28m S  0.0 24.0  86:41.29 java
 6518 jboss     15   0 8162m 5.6g  28m S  0.0 24.0  89:58.10 java
 6519 jboss     16   0 8162m 5.6g  28m S  0.0 24.0  80:59.31 java
 6520 jboss     15   0 8162m 5.6g  28m S  0.0 24.0  75:39.76 java
 6521 jboss     15   0 8162m 5.6g  28m S  0.0 24.0  79:30.24 java
 6522 jboss     15   0 8162m 5.6g  28m S  0.0 24.0  81:41.87 java
 6523 jboss     15   0 8162m 5.6g  28m S  0.0 24.0  77:10.25 java
 6524 jboss     16   0 8162m 5.6g  28m S  0.0 24.0  72:03.08 java
 6525 jboss     15   0 8162m 5.6g  28m S  0.0 24.0  86:38.14 java
 6526 jboss     15   0 8162m 5.6g  28m S  0.0 24.0  80:19.37 java
 6527 jboss     16   0 8162m 5.6g  28m S  0.0 24.0  81:58.45 java
 6528 jboss     16   0 8162m 5.6g  28m S  0.0 24.0  78:39.48 java
 6529 jboss     15   0 8162m 5.6g  28m S  0.0 24.0  88:00.82 java
 6531 jboss     15   0 8162m 5.6g  28m S  0.0 24.0  83:33.04 java
 6532 jboss     15   0 8162m 5.6g  28m S  0.0 24.0  84:35.22 java
 6533 jboss     15   0 8162m 5.6g  28m S  0.0 24.0  86:09.73 java
 6534 jboss     15   0 8162m 5.6g  28m S  0.0 24.0  80:55.63 java
 6535 jboss     15   0 8162m 5.6g  28m S  0.0 24.0  82:04.22 java
 6536 jboss     15   0 8162m 5.6g  28m S  0.0 24.0  81:02.75 java
 6537 jboss     15   0 8162m 5.6g  28m S  0.0 24.0  83:49.39 java
 6538 jboss     15   0 8162m 5.6g  28m S  0.0 24.0  74:59.07 java
 6539 jboss     15   0 8162m 5.6g  28m S  0.0 24.0  73:26.52 java
 6540 jboss     15   0 8162m 5.6g  28m S  0.0 24.0  82:16.66 java
 6542 jboss     15   0 8162m 5.6g  28m S  0.0 24.0  92:11.78 java
 6543 jboss     15   0 8162m 5.6g  28m S  0.0 24.0  86:07.58 java
 6544 jboss     16   0 8162m 5.6g  28m S  0.0 24.0  87:30.86 java
 6545 jboss     15   0 8162m 5.6g  28m S  0.0 24.0  83:02.35 java
 6546 jboss     15   0 8162m 5.6g  28m S  0.0 24.0  82:05.90 java
 6547 jboss     16   0 8162m 5.6g  28m S  0.0 24.0  80:47.14 java
 6548 jboss     16   0 8162m 5.6g  28m S  0.0 24.0  81:29.25 java
 6549 jboss     15   0 8162m 5.6g  28m S  0.0 24.0  89:14.60 java
 6550 jboss     15   0 8162m 5.6g  28m S  0.0 24.0  90:44.16 java
 6551 jboss     16   0 8162m 5.6g  28m S  0.0 24.0  83:20.26 java
 6552 jboss     15   0 8162m 5.6g  28m S  0.0 24.0  86:00.28 java
 6553 jboss     16   0 8162m 5.6g  28m S  0.0 24.0  83:03.08 java
 6554 jboss     16   0 8162m 5.6g  28m S  0.0 24.0  80:23.55 java
 6556 jboss     15   0 8162m 5.6g  28m S  0.0 24.0  75:43.94 java
 6558 jboss     15   0 8162m 5.6g  28m S  0.0 24.0  84:53.71 java
 6559 jboss     16   0 8162m 5.6g  28m S  0.0 24.0  90:23.61 java
 6560 jboss     16   0 8162m 5.6g  28m S  0.0 24.0  85:26.23 java
 6561 jboss     15   0 8162m 5.6g  28m S  0.0 24.0  79:17.30 java
 6562 jboss     15   0 8162m 5.6g  28m S  0.0 24.0  83:12.45 java
 6563 jboss     15   0 8162m 5.6g  28m S  0.0 24.0  81:02.04 java
 6564 jboss     16   0 8162m 5.6g  28m S  0.0 24.0  84:22.63 java
 6565 jboss     16   0 8162m 5.6g  28m S  0.0 24.0  80:18.32 java
 6566 jboss     15   0 8162m 5.6g  28m S  0.0 24.0  77:53.05 java
 6567 jboss     15   0 8162m 5.6g  28m S  0.0 24.0  83:46.53 java
 6568 jboss     16   0 8162m 5.6g  28m S  0.0 24.0  84:18.50 java
 6570 jboss     16   0 8162m 5.6g  28m S  0.0 24.0  77:14.28 java
 6571 jboss     15   0 8162m 5.6g  28m S  0.0 24.0  83:35.19 java
 6572 jboss     15   0 8162m 5.6g  28m S  0.0 24.0  79:18.83 java
 6573 jboss     15   0 8162m 5.6g  28m S  0.0 24.0  88:28.02 java
 6575 jboss     15   0 8162m 5.6g  28m S  0.0 24.0  78:13.40 java
 6576 jboss     15   0 8162m 5.6g  28m S  0.0 24.0  77:36.46 java
 6577 jboss     16   0 8162m 5.6g  28m S  0.0 24.0  82:11.35 java
 6578 jboss     15   0 8162m 5.6g  28m S  0.0 24.0   0:30.14 java
 6579 jboss     15   0 8162m 5.6g  28m S  0.0 24.0   0:30.63 java
 6580 jboss     15   0 8162m 5.6g  28m S  0.0 24.0   0:30.02 java
 6581 jboss     15   0 8162m 5.6g  28m S  0.0 24.0   0:30.19 java
 6582 jboss     15   0 8162m 5.6g  28m S  0.0 24.0   0:30.25 java
 6583 jboss     15   0 8162m 5.6g  28m S  0.0 24.0   0:30.09 java
 6584 jboss     15   0 8162m 5.6g  28m S  0.0 24.0   0:01.56 java
 6585 jboss     15   0 8162m 5.6g  28m S  0.0 24.0   0:01.50 java
 6586 jboss     15   0 8162m 5.6g  28m S  0.0 24.0   0:58.49 java
 6587 jboss     15   0 8162m 5.6g  28m S  0.0 24.0   0:01.42 java
 6588 jboss     15   0 8162m 5.6g  28m S  0.0 24.0   0:00.05 java
 6593 jboss     15   0 8162m 5.6g  28m S  0.0 24.0   0:00.12 java
 6596 jboss     15   0 8162m 5.6g  28m S  0.0 24.0   0:30.66 java
 6607 jboss     15   0 8162m 5.6g  28m S  0.0 24.0   0:00.64 java
 6608 jboss     15   0 8162m 5.6g  28m S  0.0 24.0   0:00.63 java
 6609 jboss     15   0 8162m 5.6g  28m S  0.0 24.0   0:00.01 java
 6610 jboss     16   0 8162m 5.6g  28m S  0.0 24.0   0:00.02 java
 6611 jboss     15   0 8162m 5.6g  28m S  0.0 24.0   0:00.13 java
 6612 jboss     15   0 8162m 5.6g  28m S  0.0 24.0   0:30.52 java
 6613 jboss     15   0 8162m 5.6g  28m S  0.0 24.0   0:00.11 java
 6615 jboss     15   0 8162m 5.6g  28m S  0.0 24.0   0:30.40 java
 6617 jboss     15   0 8162m 5.6g  28m S  0.0 24.0   0:30.01 java
 6618 jboss     15   0 8162m 5.6g  28m S  0.0 24.0   0:29.85 java
 6619 jboss     15   0 8162m 5.6g  28m S  0.0 24.0   0:30.01 java
 6620 jboss     15   0 8162m 5.6g  28m S  0.0 24.0   0:00.13 java
 6621 jboss     16   0 8162m 5.6g  28m S  0.0 24.0   0:30.08 java
 6622 jboss     15   0 8162m 5.6g  28m S  0.0 24.0   0:30.09 java
 6623 jboss     15   0 8162m 5.6g  28m S  0.0 24.0   0:30.06 java
 6624 jboss     15   0 8162m 5.6g  28m S  0.0 24.0   0:00.14 java
 6625 jboss     15   0 8162m 5.6g  28m S  0.0 24.0   0:30.21 java
 6626 jboss     15   0 8162m 5.6g  28m S  0.0 24.0   0:30.01 java
 6627 jboss     15   0 8162m 5.6g  28m S  0.0 24.0   0:30.54 java
 6628 jboss     15   0 8162m 5.6g  28m S  0.0 24.0   0:30.12 java
 6629 jboss     15   0 8162m 5.6g  28m S  0.0 24.0   0:30.33 java
 6630 jboss     15   0 8162m 5.6g  28m S  0.0 24.0   0:30.13 java
 6631 jboss     15   0 8162m 5.6g  28m S  0.0 24.0   0:29.92 java
 6632 jboss     15   0 8162m 5.6g  28m S  0.0 24.0   0:30.02 java
 6633 jboss     16   0 8162m 5.6g  28m S  0.0 24.0   0:30.17 java
 6634 jboss     15   0 8162m 5.6g  28m S  0.0 24.0   0:30.07 java
 6636 jboss     15   0 8162m 5.6g  28m S  0.0 24.0   0:30.12 java
 6637 jboss     15   0 8162m 5.6g  28m S  0.0 24.0   0:30.08 java
 6638 jboss     15   0 8162m 5.6g  28m S  0.0 24.0   0:30.18 java
 6639 jboss     16   0 8162m 5.6g  28m S  0.0 24.0   0:30.38 java
 6640 jboss     15   0 8162m 5.6g  28m S  0.0 24.0   0:30.25 java
 6671 jboss     15   0 8162m 5.6g  28m S  0.0 24.0   0:00.00 java
 6672 jboss     18   0 8162m 5.6g  28m S  0.0 24.0   0:00.00 java
 6673 jboss     15   0 8162m 5.6g  28m S  0.0 24.0   0:00.05 java
16682 jboss     15   0 8162m 5.6g  28m S  0.0 24.0   0:00.00 java
16683 jboss     15   0 8162m 5.6g  28m S  0.0 24.0   0:00.03 java
 5940 jboss     15   0 8162m 5.6g  28m S  0.0 24.0   0:00.00 java
 5942 jboss     15   0 8162m 5.6g  28m S  0.0 24.0   0:00.02 java
 5945 jboss     15   0 8162m 5.6g  28m S  0.0 24.0   0:00.01 java
 5947 jboss     15   0 8162m 5.6g  28m S  0.0 24.0   0:00.00 java
24109 jboss     15   0 8162m 5.6g  28m S  0.0 24.0   0:00.04 java
24110 jboss     18   0 8162m 5.6g  28m S  0.0 24.0   0:00.00 java
24114 jboss     15   0 8162m 5.6g  28m S  0.0 24.0   0:00.00 java
27770 jboss     15   0 8162m 5.6g  28m S  0.0 24.0   0:04.60 java
28144 jboss     15   0 8162m 5.6g  28m S  0.0 24.0   0:03.15 java
28160 jboss     15   0 8162m 5.6g  28m S  0.0 24.0   0:01.16 java
28236 jboss     15   0 8162m 5.6g  28m S  0.0 24.0   0:02.57 java
28889 jboss     15   0 8162m 5.6g  28m S  0.0 24.0   0:00.64 java
28919 jboss     15   0 8162m 5.6g  28m S  0.0 24.0   0:00.98 java
28921 jboss     15   0 8162m 5.6g  28m S  0.0 24.0   0:01.28 java
28966 jboss     15   0 8162m 5.6g  28m S  0.0 24.0   0:00.86 java
28970 jboss     15   0 8162m 5.6g  28m S  0.0 24.0   0:00.60 java
