top - 13:07:19 up 1 day, 18 min,  2 users,  load average: 1.21, 1.06, 1.02
Tasks: 143 total,   1 running, 142 sleeping,   0 stopped,   0 zombie
Cpu(s): 12.9%us,  0.4%sy,  0.0%ni, 79.3%id,  7.3%wa,  0.0%hi,  0.0%si,  0.0%st
Mem:  32880484k total, 16511080k used, 16369404k free,   432024k buffers
Swap:  8388600k total,        0k used,  8388600k free, 11767912k cached

  PID USER      PR  NI  VIRT  RES  SHR S %CPU %MEM    TIME+  COMMAND
 8549 jboss  20   0 14.1g 3.2g  18m R 97.2 10.2   1369:40 java
 9036 jboss  20   0 14.1g 3.2g  18m S  2.0 10.2  13:02.00 java
 4224 jboss  20   0 14.1g 3.2g  18m S  2.0 10.2   0:03.15 java
 6801 jboss  20   0 14.1g 3.2g  18m S  2.0 10.2   0:00.05 java
 6833 jboss  20   0 14.1g 3.2g  18m S  2.0 10.2   0:00.02 java
 8412 jboss  20   0 14.1g 3.2g  18m S  0.0 10.2   0:00.00 java
 8438 jboss  20   0 14.1g 3.2g  18m S  0.0 10.2   0:01.58 java
 8439 jboss  20   0 14.1g 3.2g  18m S  0.0 10.2   5:23.27 java
 8440 jboss  20   0 14.1g 3.2g  18m S  0.0 10.2   5:23.38 java
 8441 jboss  20   0 14.1g 3.2g  18m S  0.0 10.2   5:23.42 java
 8442 jboss  20   0 14.1g 3.2g  18m S  0.0 10.2   5:23.52 java
 8443 jboss  20   0 14.1g 3.2g  18m S  0.0 10.2   5:23.46 java
 8444 jboss  20   0 14.1g 3.2g  18m S  0.0 10.2   5:23.39 java
 8445 jboss  20   0 14.1g 3.2g  18m S  0.0 10.2   5:23.44 java
 8446 jboss  20   0 14.1g 3.2g  18m S  0.0 10.2   5:23.38 java
 8447 jboss  20   0 14.1g 3.2g  18m S  0.0 10.2   0:06.87 java
 8448 jboss  20   0 14.1g 3.2g  18m S  0.0 10.2   0:00.06 java
 8449 jboss  20   0 14.1g 3.2g  18m S  0.0 10.2   0:00.10 java
 8450 jboss  20   0 14.1g 3.2g  18m S  0.0 10.2   0:00.12 java
 8451 jboss  20   0 14.1g 3.2g  18m S  0.0 10.2   0:00.14 java
 8452 jboss  20   0 14.1g 3.2g  18m S  0.0 10.2   0:00.15 java
 8453 jboss  20   0 14.1g 3.2g  18m S  0.0 10.2   0:00.15 java
 8454 jboss  20   0 14.1g 3.2g  18m S  0.0 10.2   0:00.17 java
 8455 jboss  20   0 14.1g 3.2g  18m S  0.0 10.2   0:00.18 java
 8456 jboss  20   0 14.1g 3.2g  18m S  0.0 10.2   0:00.62 java
 8457 jboss  20   0 14.1g 3.2g  18m S  0.0 10.2   0:01.88 java
 8458 jboss  20   0 14.1g 3.2g  18m S  0.0 10.2   0:01.88 java
 8459 jboss  20   0 14.1g 3.2g  18m S  0.0 10.2   1:32.38 java
 8460 jboss  20   0 14.1g 3.2g  18m S  0.0 10.2   0:01.94 java
 8461 jboss  20   0 14.1g 3.2g  18m S  0.0 10.2   0:03.08 java
 8462 jboss  20   0 14.1g 3.2g  18m S  0.0 10.2   0:00.00 java
 8463 jboss  20   0 14.1g 3.2g  18m S  0.0 10.2   0:00.00 java
 8464 jboss  20   0 14.1g 3.2g  18m S  0.0 10.2   0:22.23 java
 8465 jboss  20   0 14.1g 3.2g  18m S  0.0 10.2   0:21.68 java
 8466 jboss  20   0 14.1g 3.2g  18m S  0.0 10.2   0:01.31 java
 8467 jboss  20   0 14.1g 3.2g  18m S  0.0 10.2   0:00.00 java
 8468 jboss  20   0 14.1g 3.2g  18m S  0.0 10.2   0:39.12 java
 8469 jboss  20   0 14.1g 3.2g  18m S  0.0 10.2   0:00.13 java
 8471 jboss  20   0 14.1g 3.2g  18m S  0.0 10.2   0:09.50 java
 8472 jboss  20   0 14.1g 3.2g  18m S  0.0 10.2   0:06.08 java
 8473 jboss  20   0 14.1g 3.2g  18m S  0.0 10.2   0:00.00 java
 8477 jboss  20   0 14.1g 3.2g  18m S  0.0 10.2   0:00.13 java
 8478 jboss  20   0 14.1g 3.2g  18m S  0.0 10.2   0:00.00 java
 8479 jboss  20   0 14.1g 3.2g  18m S  0.0 10.2   0:48.71 java
 8480 jboss  20   0 14.1g 3.2g  18m S  0.0 10.2   0:56.52 java
 8481 jboss  20   0 14.1g 3.2g  18m S  0.0 10.2   0:00.00 java
 8482 jboss  20   0 14.1g 3.2g  18m S  0.0 10.2   0:00.00 java
 8483 jboss  20   0 14.1g 3.2g  18m S  0.0 10.2   0:00.00 java
 8485 jboss  20   0 14.1g 3.2g  18m S  0.0 10.2   0:00.00 java
 8487 jboss  20   0 14.1g 3.2g  18m S  0.0 10.2   0:00.33 java
 8488 jboss  20   0 14.1g 3.2g  18m S  0.0 10.2   0:00.00 java
 8489 jboss  20   0 14.1g 3.2g  18m S  0.0 10.2   0:00.00 java
 8491 jboss  20   0 14.1g 3.2g  18m S  0.0 10.2   0:00.09 java
 8492 jboss  20   0 14.1g 3.2g  18m S  0.0 10.2   0:00.34 java
 8495 jboss  20   0 14.1g 3.2g  18m S  0.0 10.2   0:00.01 java
 8497 jboss  20   0 14.1g 3.2g  18m S  0.0 10.2   0:00.00 java
 8498 jboss  20   0 14.1g 3.2g  18m S  0.0 10.2   0:00.01 java
 8499 jboss  20   0 14.1g 3.2g  18m S  0.0 10.2   0:00.00 java
 8500 jboss  20   0 14.1g 3.2g  18m S  0.0 10.2   0:00.00 java
 8505 jboss  20   0 14.1g 3.2g  18m S  0.0 10.2   0:00.00 java
 8506 jboss  20   0 14.1g 3.2g  18m S  0.0 10.2   0:06.10 java
 8519 jboss  20   0 14.1g 3.2g  18m S  0.0 10.2   0:00.00 java
 8521 jboss  20   0 14.1g 3.2g  18m S  0.0 10.2   0:01.61 java
 8522 jboss  20   0 14.1g 3.2g  18m S  0.0 10.2   0:13.23 java
 8523 jboss  20   0 14.1g 3.2g  18m S  0.0 10.2   0:21.61 java
 8524 jboss  20   0 14.1g 3.2g  18m S  0.0 10.2   0:00.30 java
 8531 jboss  20   0 14.1g 3.2g  18m S  0.0 10.2   0:00.00 java
 8532 jboss  20   0 14.1g 3.2g  18m S  0.0 10.2   0:00.00 java
 8533 jboss  20   0 14.1g 3.2g  18m S  0.0 10.2   0:00.00 java
 8534 jboss  20   0 14.1g 3.2g  18m S  0.0 10.2   0:00.16 java
 8535 jboss  20   0 14.1g 3.2g  18m S  0.0 10.2   0:00.00 java
 8536 jboss  20   0 14.1g 3.2g  18m S  0.0 10.2   0:01.74 java
 8537 jboss  20   0 14.1g 3.2g  18m S  0.0 10.2   3:40.38 java
 8539 jboss  20   0 14.1g 3.2g  18m S  0.0 10.2   0:00.00 java
 8541 jboss  20   0 14.1g 3.2g  18m S  0.0 10.2   0:00.28 java
 8542 jboss  20   0 14.1g 3.2g  18m S  0.0 10.2   0:00.33 java
 8543 jboss  20   0 14.1g 3.2g  18m S  0.0 10.2   0:00.00 java
 8544 jboss  20   0 14.1g 3.2g  18m S  0.0 10.2   0:00.16 java
 8570 jboss  20   0 14.1g 3.2g  18m S  0.0 10.2   0:01.69 java
 8796 jboss  20   0 14.1g 3.2g  18m S  0.0 10.2   0:00.13 java
 8802 jboss  20   0 14.1g 3.2g  18m S  0.0 10.2   0:00.39 java
 8804 jboss  20   0 14.1g 3.2g  18m S  0.0 10.2   2:48.15 java
 9001 jboss  20   0 14.1g 3.2g  18m D  0.0 10.2  12:56.06 java
 9003 jboss  20   0 14.1g 3.2g  18m S  0.0 10.2   0:06.40 java
 9004 jboss  20   0 14.1g 3.2g  18m S  0.0 10.2   0:05.50 java
 9005 jboss  20   0 14.1g 3.2g  18m S  0.0 10.2   0:09.40 java
 9006 jboss  20   0 14.1g 3.2g  18m S  0.0 10.2   0:09.83 java
 9007 jboss  20   0 14.1g 3.2g  18m S  0.0 10.2   0:09.67 java
 9008 jboss  20   0 14.1g 3.2g  18m S  0.0 10.2   0:00.00 java
 9009 jboss  20   0 14.1g 3.2g  18m S  0.0 10.2   0:01.79 java
 9010 jboss  20   0 14.1g 3.2g  18m S  0.0 10.2   0:03.44 java
 9011 jboss  20   0 14.1g 3.2g  18m S  0.0 10.2   0:03.51 java
 9012 jboss  20   0 14.1g 3.2g  18m S  0.0 10.2   0:03.50 java
 9013 jboss  20   0 14.1g 3.2g  18m S  0.0 10.2   0:03.50 java
 9014 jboss  20   0 14.1g 3.2g  18m S  0.0 10.2   0:03.14 java
 9015 jboss  20   0 14.1g 3.2g  18m S  0.0 10.2   0:05.46 java
 9041 jboss  20   0 14.1g 3.2g  18m S  0.0 10.2   0:14.29 java
 9042 jboss  20   0 14.1g 3.2g  18m S  0.0 10.2   1:14.62 java
 9049 jboss  20   0 14.1g 3.2g  18m S  0.0 10.2   0:00.00 java
 9053 jboss  20   0 14.1g 3.2g  18m S  0.0 10.2   0:01.15 java
16564 jboss  20   0 14.1g 3.2g  18m S  0.0 10.2   4:39.84 java
25608 jboss  20   0 14.1g 3.2g  18m S  0.0 10.2   4:09.78 java
12972 jboss  20   0 14.1g 3.2g  18m S  0.0 10.2   0:10.30 java
21284 jboss  20   0 14.1g 3.2g  18m S  0.0 10.2   0:55.98 java
21285 jboss  20   0 14.1g 3.2g  18m S  0.0 10.2   0:54.13 java
 1011 jboss  20   0 14.1g 3.2g  18m S  0.0 10.2   0:00.08 java
 1702 jboss  20   0 14.1g 3.2g  18m S  0.0 10.2   0:00.00 java
 4298 jboss  20   0 14.1g 3.2g  18m S  0.0 10.2   0:00.65 java
 4549 jboss  20   0 14.1g 3.2g  18m S  0.0 10.2   0:00.63 java
 4586 jboss  20   0 14.1g 3.2g  18m S  0.0 10.2   0:00.55 java
 4717 jboss  20   0 14.1g 3.2g  18m S  0.0 10.2   0:00.55 java
 5294 jboss  20   0 14.1g 3.2g  18m S  0.0 10.2   0:00.40 java
 6170 jboss  20   0 14.1g 3.2g  18m S  0.0 10.2   0:00.34 java
 6224 jboss  20   0 14.1g 3.2g  18m S  0.0 10.2   0:02.68 java
 6557 jboss  20   0 14.1g 3.2g  18m S  0.0 10.2   0:00.13 java
 6563 jboss  20   0 14.1g 3.2g  18m S  0.0 10.2   0:00.07 java
 6593 jboss  20   0 14.1g 3.2g  18m S  0.0 10.2   0:00.09 java
 6598 jboss  20   0 14.1g 3.2g  18m S  0.0 10.2   0:00.08 java
 6635 jboss  20   0 14.1g 3.2g  18m S  0.0 10.2   0:00.10 java
 6636 jboss  20   0 14.1g 3.2g  18m S  0.0 10.2   0:00.14 java
 6664 jboss  20   0 14.1g 3.2g  18m S  0.0 10.2   0:00.11 java
 6673 jboss  20   0 14.1g 3.2g  18m S  0.0 10.2   0:00.12 java
 6679 jboss  20   0 14.1g 3.2g  18m S  0.0 10.2   0:00.05 java
 6722 jboss  20   0 14.1g 3.2g  18m S  0.0 10.2   0:00.02 java
 6737 jboss  20   0 14.1g 3.2g  18m S  0.0 10.2   0:00.13 java
 6738 jboss  20   0 14.1g 3.2g  18m S  0.0 10.2   0:00.09 java
 6771 jboss  20   0 14.1g 3.2g  18m S  0.0 10.2   0:00.00 java
 6787 jboss  20   0 14.1g 3.2g  18m S  0.0 10.2   0:00.03 java
 6799 jboss  20   0 14.1g 3.2g  18m S  0.0 10.2   0:00.09 java
 6800 jboss  20   0 14.1g 3.2g  18m S  0.0 10.2   0:00.09 java
 6802 jboss  20   0 14.1g 3.2g  18m S  0.0 10.2   0:00.11 java
 6803 jboss  20   0 14.1g 3.2g  18m S  0.0 10.2   0:00.09 java
 6804 jboss  20   0 14.1g 3.2g  18m S  0.0 10.2   0:00.08 java
 6807 jboss  20   0 14.1g 3.2g  18m S  0.0 10.2   0:00.07 java
 6829 jboss  20   0 14.1g 3.2g  18m S  0.0 10.2   0:00.02 java
 6832 jboss  20   0 14.1g 3.2g  18m S  0.0 10.2   0:00.00 java
 6836 jboss  20   0 14.1g 3.2g  18m S  0.0 10.2   0:00.00 java
 6837 jboss  20   0 14.1g 3.2g  18m S  0.0 10.2   0:00.01 java
 6838 jboss  20   0 14.1g 3.2g  18m S  0.0 10.2   0:00.01 java
 6839 jboss  20   0 14.1g 3.2g  18m S  0.0 10.2   0:00.02 java
 6840 jboss  20   0 14.1g 3.2g  18m S  0.0 10.2   0:00.02 java
 6841 jboss  20   0 14.1g 3.2g  18m S  0.0 10.2   0:00.00 java
 6842 jboss  20   0 14.1g 3.2g  18m S  0.0 10.2   0:00.01 java

top - 13:07:40 up 1 day, 19 min,  2 users,  load average: 1.28, 1.09, 1.03
Tasks: 144 total,   1 running, 143 sleeping,   0 stopped,   0 zombie
Cpu(s): 12.9%us,  0.4%sy,  0.0%ni, 79.3%id,  7.3%wa,  0.0%hi,  0.0%si,  0.0%st
Mem:  32880484k total, 16485212k used, 16395272k free,   432036k buffers
Swap:  8388600k total,        0k used,  8388600k free, 11743260k cached

  PID USER      PR  NI  VIRT  RES  SHR S %CPU %MEM    TIME+  COMMAND
 8549 jboss  20   0 14.1g 3.2g  18m R 101.2 10.2   1370:00 java
 9036 jboss  20   0 14.1g 3.2g  18m S  4.0 10.2  13:02.24 java
 8459 jboss  20   0 14.1g 3.2g  18m S  2.0 10.2   1:32.74 java
 9001 jboss  20   0 14.1g 3.2g  18m D  2.0 10.2  12:56.26 java
12972 jboss  20   0 14.1g 3.2g  18m S  2.0 10.2   0:10.31 java
 4224 jboss  20   0 14.1g 3.2g  18m S  2.0 10.2   0:03.36 java
 6673 jboss  20   0 14.1g 3.2g  18m S  2.0 10.2   0:00.18 java
 8412 jboss  20   0 14.1g 3.2g  18m S  0.0 10.2   0:00.00 java
 8438 jboss  20   0 14.1g 3.2g  18m S  0.0 10.2   0:01.58 java
 8439 jboss  20   0 14.1g 3.2g  18m S  0.0 10.2   5:23.34 java
 8440 jboss  20   0 14.1g 3.2g  18m S  0.0 10.2   5:23.46 java
 8441 jboss  20   0 14.1g 3.2g  18m S  0.0 10.2   5:23.49 java
 8442 jboss  20   0 14.1g 3.2g  18m S  0.0 10.2   5:23.58 java
 8443 jboss  20   0 14.1g 3.2g  18m S  0.0 10.2   5:23.53 java
 8444 jboss  20   0 14.1g 3.2g  18m S  0.0 10.2   5:23.46 java
 8445 jboss  20   0 14.1g 3.2g  18m S  0.0 10.2   5:23.51 java
 8446 jboss  20   0 14.1g 3.2g  18m S  0.0 10.2   5:23.45 java
 8447 jboss  20   0 14.1g 3.2g  18m S  0.0 10.2   0:06.87 java
 8448 jboss  20   0 14.1g 3.2g  18m S  0.0 10.2   0:00.06 java
 8449 jboss  20   0 14.1g 3.2g  18m S  0.0 10.2   0:00.10 java
 8450 jboss  20   0 14.1g 3.2g  18m S  0.0 10.2   0:00.12 java
 8451 jboss  20   0 14.1g 3.2g  18m S  0.0 10.2   0:00.14 java
 8452 jboss  20   0 14.1g 3.2g  18m S  0.0 10.2   0:00.15 java
 8453 jboss  20   0 14.1g 3.2g  18m S  0.0 10.2   0:00.15 java
 8454 jboss  20   0 14.1g 3.2g  18m S  0.0 10.2   0:00.17 java
 8455 jboss  20   0 14.1g 3.2g  18m S  0.0 10.2   0:00.18 java
 8456 jboss  20   0 14.1g 3.2g  18m S  0.0 10.2   0:00.62 java
 8457 jboss  20   0 14.1g 3.2g  18m S  0.0 10.2   0:01.88 java
 8458 jboss  20   0 14.1g 3.2g  18m S  0.0 10.2   0:01.88 java
 8460 jboss  20   0 14.1g 3.2g  18m S  0.0 10.2   0:01.94 java
 8461 jboss  20   0 14.1g 3.2g  18m S  0.0 10.2   0:03.08 java
 8462 jboss  20   0 14.1g 3.2g  18m S  0.0 10.2   0:00.00 java
 8463 jboss  20   0 14.1g 3.2g  18m S  0.0 10.2   0:00.00 java
 8464 jboss  20   0 14.1g 3.2g  18m S  0.0 10.2   0:22.23 java
 8465 jboss  20   0 14.1g 3.2g  18m S  0.0 10.2   0:21.68 java
 8466 jboss  20   0 14.1g 3.2g  18m S  0.0 10.2   0:01.32 java
 8467 jboss  20   0 14.1g 3.2g  18m S  0.0 10.2   0:00.00 java
 8468 jboss  20   0 14.1g 3.2g  18m S  0.0 10.2   0:39.13 java
 8469 jboss  20   0 14.1g 3.2g  18m S  0.0 10.2   0:00.13 java
 8471 jboss  20   0 14.1g 3.2g  18m S  0.0 10.2   0:09.50 java
 8472 jboss  20   0 14.1g 3.2g  18m S  0.0 10.2   0:06.08 java
 8473 jboss  20   0 14.1g 3.2g  18m S  0.0 10.2   0:00.00 java
 8477 jboss  20   0 14.1g 3.2g  18m S  0.0 10.2   0:00.13 java
 8478 jboss  20   0 14.1g 3.2g  18m S  0.0 10.2   0:00.00 java
 8479 jboss  20   0 14.1g 3.2g  18m S  0.0 10.2   0:48.72 java
 8480 jboss  20   0 14.1g 3.2g  18m S  0.0 10.2   0:56.53 java
 8481 jboss  20   0 14.1g 3.2g  18m S  0.0 10.2   0:00.00 java
 8482 jboss  20   0 14.1g 3.2g  18m S  0.0 10.2   0:00.00 java
 8483 jboss  20   0 14.1g 3.2g  18m S  0.0 10.2   0:00.00 java
 8485 jboss  20   0 14.1g 3.2g  18m S  0.0 10.2   0:00.00 java
 8487 jboss  20   0 14.1g 3.2g  18m S  0.0 10.2   0:00.33 java
 8488 jboss  20   0 14.1g 3.2g  18m S  0.0 10.2   0:00.00 java
 8489 jboss  20   0 14.1g 3.2g  18m S  0.0 10.2   0:00.00 java
 8491 jboss  20   0 14.1g 3.2g  18m S  0.0 10.2   0:00.09 java
 8492 jboss  20   0 14.1g 3.2g  18m S  0.0 10.2   0:00.34 java
 8495 jboss  20   0 14.1g 3.2g  18m S  0.0 10.2   0:00.01 java
 8497 jboss  20   0 14.1g 3.2g  18m S  0.0 10.2   0:00.00 java
 8498 jboss  20   0 14.1g 3.2g  18m S  0.0 10.2   0:00.01 java
 8499 jboss  20   0 14.1g 3.2g  18m S  0.0 10.2   0:00.00 java
 8500 jboss  20   0 14.1g 3.2g  18m S  0.0 10.2   0:00.00 java
 8505 jboss  20   0 14.1g 3.2g  18m S  0.0 10.2   0:00.00 java
 8506 jboss  20   0 14.1g 3.2g  18m S  0.0 10.2   0:06.10 java
 8519 jboss  20   0 14.1g 3.2g  18m S  0.0 10.2   0:00.00 java
 8521 jboss  20   0 14.1g 3.2g  18m S  0.0 10.2   0:01.61 java
 8522 jboss  20   0 14.1g 3.2g  18m S  0.0 10.2   0:13.23 java
 8523 jboss  20   0 14.1g 3.2g  18m S  0.0 10.2   0:21.62 java
 8524 jboss  20   0 14.1g 3.2g  18m S  0.0 10.2   0:00.30 java
 8531 jboss  20   0 14.1g 3.2g  18m S  0.0 10.2   0:00.00 java
 8532 jboss  20   0 14.1g 3.2g  18m S  0.0 10.2   0:00.00 java
 8533 jboss  20   0 14.1g 3.2g  18m S  0.0 10.2   0:00.00 java
 8534 jboss  20   0 14.1g 3.2g  18m S  0.0 10.2   0:00.16 java
 8535 jboss  20   0 14.1g 3.2g  18m S  0.0 10.2   0:00.00 java
 8536 jboss  20   0 14.1g 3.2g  18m S  0.0 10.2   0:01.74 java
 8537 jboss  20   0 14.1g 3.2g  18m S  0.0 10.2   3:40.38 java
 8539 jboss  20   0 14.1g 3.2g  18m S  0.0 10.2   0:00.00 java
 8541 jboss  20   0 14.1g 3.2g  18m S  0.0 10.2   0:00.28 java
 8542 jboss  20   0 14.1g 3.2g  18m S  0.0 10.2   0:00.33 java
 8543 jboss  20   0 14.1g 3.2g  18m S  0.0 10.2   0:00.00 java
 8544 jboss  20   0 14.1g 3.2g  18m S  0.0 10.2   0:00.16 java
 8570 jboss  20   0 14.1g 3.2g  18m S  0.0 10.2   0:01.69 java
 8796 jboss  20   0 14.1g 3.2g  18m S  0.0 10.2   0:00.13 java
 8802 jboss  20   0 14.1g 3.2g  18m S  0.0 10.2   0:00.39 java
 8804 jboss  20   0 14.1g 3.2g  18m S  0.0 10.2   2:48.18 java
 9003 jboss  20   0 14.1g 3.2g  18m S  0.0 10.2   0:06.41 java
 9004 jboss  20   0 14.1g 3.2g  18m S  0.0 10.2   0:05.50 java
 9005 jboss  20   0 14.1g 3.2g  18m S  0.0 10.2   0:09.40 java
 9006 jboss  20   0 14.1g 3.2g  18m S  0.0 10.2   0:09.83 java
 9007 jboss  20   0 14.1g 3.2g  18m S  0.0 10.2   0:09.67 java
 9008 jboss  20   0 14.1g 3.2g  18m S  0.0 10.2   0:00.00 java
 9009 jboss  20   0 14.1g 3.2g  18m S  0.0 10.2   0:01.79 java
 9010 jboss  20   0 14.1g 3.2g  18m S  0.0 10.2   0:03.44 java
 9011 jboss  20   0 14.1g 3.2g  18m S  0.0 10.2   0:03.51 java
 9012 jboss  20   0 14.1g 3.2g  18m S  0.0 10.2   0:03.50 java
 9013 jboss  20   0 14.1g 3.2g  18m S  0.0 10.2   0:03.50 java
 9014 jboss  20   0 14.1g 3.2g  18m S  0.0 10.2   0:03.14 java
 9015 jboss  20   0 14.1g 3.2g  18m S  0.0 10.2   0:05.46 java
 9041 jboss  20   0 14.1g 3.2g  18m S  0.0 10.2   0:14.29 java
 9042 jboss  20   0 14.1g 3.2g  18m S  0.0 10.2   1:14.64 java
 9049 jboss  20   0 14.1g 3.2g  18m S  0.0 10.2   0:00.00 java
 9053 jboss  20   0 14.1g 3.2g  18m S  0.0 10.2   0:01.15 java
16564 jboss  20   0 14.1g 3.2g  18m S  0.0 10.2   4:39.99 java
25608 jboss  20   0 14.1g 3.2g  18m S  0.0 10.2   4:09.83 java
21284 jboss  20   0 14.1g 3.2g  18m S  0.0 10.2   0:56.10 java
21285 jboss  20   0 14.1g 3.2g  18m S  0.0 10.2   0:54.17 java
 1011 jboss  20   0 14.1g 3.2g  18m S  0.0 10.2   0:00.08 java
 1702 jboss  20   0 14.1g 3.2g  18m S  0.0 10.2   0:00.00 java
 4298 jboss  20   0 14.1g 3.2g  18m S  0.0 10.2   0:00.66 java
 4549 jboss  20   0 14.1g 3.2g  18m S  0.0 10.2   0:00.63 java
 4717 jboss  20   0 14.1g 3.2g  18m S  0.0 10.2   0:00.55 java
 5294 jboss  20   0 14.1g 3.2g  18m S  0.0 10.2   0:00.46 java
 6170 jboss  20   0 14.1g 3.2g  18m S  0.0 10.2   0:00.38 java
 6224 jboss  20   0 14.1g 3.2g  18m S  0.0 10.2   0:02.69 java
 6557 jboss  20   0 14.1g 3.2g  18m S  0.0 10.2   0:00.13 java
 6563 jboss  20   0 14.1g 3.2g  18m S  0.0 10.2   0:00.07 java
 6593 jboss  20   0 14.1g 3.2g  18m S  0.0 10.2   0:00.09 java
 6598 jboss  20   0 14.1g 3.2g  18m S  0.0 10.2   0:00.08 java
 6635 jboss  20   0 14.1g 3.2g  18m S  0.0 10.2   0:00.10 java
 6636 jboss  20   0 14.1g 3.2g  18m S  0.0 10.2   0:00.15 java
 6664 jboss  20   0 14.1g 3.2g  18m S  0.0 10.2   0:00.17 java
 6679 jboss  20   0 14.1g 3.2g  18m S  0.0 10.2   0:00.06 java
 6722 jboss  20   0 14.1g 3.2g  18m S  0.0 10.2   0:00.03 java
 6737 jboss  20   0 14.1g 3.2g  18m S  0.0 10.2   0:00.13 java
 6738 jboss  20   0 14.1g 3.2g  18m S  0.0 10.2   0:00.10 java
 6771 jboss  20   0 14.1g 3.2g  18m S  0.0 10.2   0:00.00 java
 6787 jboss  20   0 14.1g 3.2g  18m S  0.0 10.2   0:00.08 java
 6799 jboss  20   0 14.1g 3.2g  18m S  0.0 10.2   0:00.12 java
 6800 jboss  20   0 14.1g 3.2g  18m S  0.0 10.2   0:00.13 java
 6801 jboss  20   0 14.1g 3.2g  18m S  0.0 10.2   0:00.10 java
 6802 jboss  20   0 14.1g 3.2g  18m S  0.0 10.2   0:00.16 java
 6803 jboss  20   0 14.1g 3.2g  18m S  0.0 10.2   0:00.09 java
 6804 jboss  20   0 14.1g 3.2g  18m S  0.0 10.2   0:00.13 java
 6807 jboss  20   0 14.1g 3.2g  18m S  0.0 10.2   0:00.14 java
 6829 jboss  20   0 14.1g 3.2g  18m S  0.0 10.2   0:00.04 java
 6832 jboss  20   0 14.1g 3.2g  18m S  0.0 10.2   0:00.05 java
 6833 jboss  20   0 14.1g 3.2g  18m S  0.0 10.2   0:00.02 java
 6836 jboss  20   0 14.1g 3.2g  18m S  0.0 10.2   0:00.00 java
 6837 jboss  20   0 14.1g 3.2g  18m S  0.0 10.2   0:00.01 java
 6838 jboss  20   0 14.1g 3.2g  18m S  0.0 10.2   0:00.06 java
 6839 jboss  20   0 14.1g 3.2g  18m S  0.0 10.2   0:00.06 java
 6840 jboss  20   0 14.1g 3.2g  18m S  0.0 10.2   0:00.08 java
 6841 jboss  20   0 14.1g 3.2g  18m S  0.0 10.2   0:00.00 java
 6842 jboss  20   0 14.1g 3.2g  18m S  0.0 10.2   0:00.01 java
 6897 jboss  20   0 14.1g 3.2g  18m S  0.0 10.2   0:00.00 java
 6907 jboss  20   0 14.1g 3.2g  18m S  0.0 10.2   0:00.00 java

